<?xml version="1.0" encoding="utf-8"?>
<?AutomationStudio Version="4.3.7.46 SP"?>
<Objects>
  <Object
    Path="C:\projects\Inzynierka_Kucharczyk_2018\Logical\Package.pkg"
    LogicalPath=""
    Type="Package"
    LastWriteTime="131840204029067019" />
  <Object
    Path="C:\projects\Inzynierka_Kucharczyk_2018\Temp\Includes\AS_TempDecl\Config1\GlobalComponents\MpComponents.var"
    LogicalPath="MpComponents.var"
    Type="File"
    LastWriteTime="131881640262281702"
    Private="false" />
  <Object
    Path="C:\projects\Inzynierka_Kucharczyk_2018\Logical\Global.typ"
    LogicalPath="Global.typ"
    Type="File"
    LastWriteTime="131840901291081787"
    Private="false" />
  <Object
    Path="C:\projects\Inzynierka_Kucharczyk_2018\Logical\Global.var"
    LogicalPath="Global.var"
    Type="File"
    LastWriteTime="131854841112256285"
    Private="false" />
  <Object
    Path="C:\projects\Inzynierka_Kucharczyk_2018\Logical\Libraries\Package.pkg"
    LogicalPath="Libraries"
    Type="Package"
    LastWriteTime="131883224038219014" />
  <Object
    Path="C:\projects\Inzynierka_Kucharczyk_2018\Logical\Libraries\operator\Binary.lby"
    LogicalPath="Libraries.operator"
    Type="Library"
    LastWriteTime="131834724529323470" />
  <Object
    Path="C:\projects\Inzynierka_Kucharczyk_2018\Logical\Libraries\operator\operator.fun"
    LogicalPath="Libraries.operator.operator.fun"
    Type="File"
    LastWriteTime="131834724529093765"
    Private="false" />
  <Object
    Path="C:\projects\Inzynierka_Kucharczyk_2018\Logical\Libraries\operator\operator.typ"
    LogicalPath="Libraries.operator.operator.typ"
    Type="File"
    LastWriteTime="131834724529183556"
    Private="false" />
  <Object
    Path="C:\projects\Inzynierka_Kucharczyk_2018\Logical\Libraries\operator\operator.var"
    LogicalPath="Libraries.operator.operator.var"
    Type="File"
    LastWriteTime="131834724529243541"
    Private="false" />
  <Object
    Path="C:\projects\Inzynierka_Kucharczyk_2018\Logical\Libraries\runtime\Binary.lby"
    LogicalPath="Libraries.runtime"
    Type="Library"
    LastWriteTime="131834724535831262" />
  <Object
    Path="C:\projects\Inzynierka_Kucharczyk_2018\Logical\Libraries\runtime\runtime.fun"
    LogicalPath="Libraries.runtime.runtime.fun"
    Type="File"
    LastWriteTime="131834724535192686"
    Private="false" />
  <Object
    Path="C:\projects\Inzynierka_Kucharczyk_2018\Logical\Libraries\runtime\runtime.typ"
    LogicalPath="Libraries.runtime.runtime.typ"
    Type="File"
    LastWriteTime="131834724535412345"
    Private="false" />
  <Object
    Path="C:\projects\Inzynierka_Kucharczyk_2018\Logical\Libraries\runtime\runtime.var"
    LogicalPath="Libraries.runtime.runtime.var"
    Type="File"
    LastWriteTime="131834724535519514"
    Private="false" />
  <Object
    Path="C:\projects\Inzynierka_Kucharczyk_2018\Logical\Libraries\astime\Binary.lby"
    LogicalPath="Libraries.astime"
    Type="Library"
    LastWriteTime="131834724542189275" />
  <Object
    Path="C:\projects\Inzynierka_Kucharczyk_2018\Logical\Libraries\astime\astime.fun"
    LogicalPath="Libraries.astime.astime.fun"
    Type="File"
    LastWriteTime="131834724541878819"
    Private="false" />
  <Object
    Path="C:\projects\Inzynierka_Kucharczyk_2018\Logical\Libraries\astime\astime.typ"
    LogicalPath="Libraries.astime.astime.typ"
    Type="File"
    LastWriteTime="131834724542059534"
    Private="false" />
  <Object
    Path="C:\projects\Inzynierka_Kucharczyk_2018\Logical\Libraries\astime\astime.var"
    LogicalPath="Libraries.astime.astime.var"
    Type="File"
    LastWriteTime="131834724542129331"
    Private="false" />
  <Object
    Path="C:\projects\Inzynierka_Kucharczyk_2018\Logical\Libraries\AsIecCon\Binary.lby"
    LogicalPath="Libraries.AsIecCon"
    Type="Library"
    LastWriteTime="131834724548328236" />
  <Object
    Path="C:\projects\Inzynierka_Kucharczyk_2018\Logical\Libraries\AsIecCon\AsIecCon.fun"
    LogicalPath="Libraries.AsIecCon.AsIecCon.fun"
    Type="File"
    LastWriteTime="131834724548158175"
    Private="false" />
  <Object
    Path="C:\projects\Inzynierka_Kucharczyk_2018\Logical\Libraries\AsIecCon\AsIecCon.typ"
    LogicalPath="Libraries.AsIecCon.AsIecCon.typ"
    Type="File"
    LastWriteTime="131834724548228300"
    Private="false" />
  <Object
    Path="C:\projects\Inzynierka_Kucharczyk_2018\Logical\Libraries\AsIecCon\AsIecCon.var"
    LogicalPath="Libraries.AsIecCon.AsIecCon.var"
    Type="File"
    LastWriteTime="131834724548258102"
    Private="false" />
  <Object
    Path="C:\projects\Inzynierka_Kucharczyk_2018\Logical\Libraries\MpAxis\Binary.lby"
    LogicalPath="Libraries.MpAxis"
    Type="Library"
    LastWriteTime="131839002144382258" />
  <Object
    Path="C:\projects\Inzynierka_Kucharczyk_2018\Logical\Libraries\MpAxis\MpAxis.typ"
    LogicalPath="Libraries.MpAxis.MpAxis.typ"
    Type="File"
    LastWriteTime="131839002144052132"
    Private="false" />
  <Object
    Path="C:\projects\Inzynierka_Kucharczyk_2018\Logical\Libraries\MpAxis\MpAxisError.typ"
    LogicalPath="Libraries.MpAxis.MpAxisError.typ"
    Type="File"
    LastWriteTime="131839002144082582"
    Private="false" />
  <Object
    Path="C:\projects\Inzynierka_Kucharczyk_2018\Logical\Libraries\MpAxis\MpAxisAlarm.typ"
    LogicalPath="Libraries.MpAxis.MpAxisAlarm.typ"
    Type="File"
    LastWriteTime="131839002144132423"
    Private="false" />
  <Object
    Path="C:\projects\Inzynierka_Kucharczyk_2018\Logical\Libraries\MpAxis\MpAxis.fun"
    LogicalPath="Libraries.MpAxis.MpAxis.fun"
    Type="File"
    LastWriteTime="131839002144302316"
    Private="false" />
  <Object
    Path="C:\projects\Inzynierka_Kucharczyk_2018\Logical\Libraries\MpCom\Binary.lby"
    LogicalPath="Libraries.MpCom"
    Type="Library"
    LastWriteTime="131839002146031129" />
  <Object
    Path="C:\projects\Inzynierka_Kucharczyk_2018\Logical\Libraries\MpCom\MpCom.var"
    LogicalPath="Libraries.MpCom.MpCom.var"
    Type="File"
    LastWriteTime="131839002145501439"
    Private="false" />
  <Object
    Path="C:\projects\Inzynierka_Kucharczyk_2018\Logical\Libraries\MpCom\MpCom.typ"
    LogicalPath="Libraries.MpCom.MpCom.typ"
    Type="File"
    LastWriteTime="131839002145681345"
    Private="false" />
  <Object
    Path="C:\projects\Inzynierka_Kucharczyk_2018\Logical\Libraries\MpCom\MpComError.typ"
    LogicalPath="Libraries.MpCom.MpComError.typ"
    Type="File"
    LastWriteTime="131839002145881221"
    Private="false" />
  <Object
    Path="C:\projects\Inzynierka_Kucharczyk_2018\Logical\Libraries\MpCom\MpCom.fun"
    LogicalPath="Libraries.MpCom.MpCom.fun"
    Type="File"
    LastWriteTime="131839002145971160"
    Private="false" />
  <Object
    Path="C:\projects\Inzynierka_Kucharczyk_2018\Logical\Libraries\MpBase\Binary.lby"
    LogicalPath="Libraries.MpBase"
    Type="Library"
    LastWriteTime="131839002147020572" />
  <Object
    Path="C:\projects\Inzynierka_Kucharczyk_2018\Logical\Libraries\MpBase\MpBase.typ"
    LogicalPath="Libraries.MpBase.MpBase.typ"
    Type="File"
    LastWriteTime="131839002146800707"
    Private="false" />
  <Object
    Path="C:\projects\Inzynierka_Kucharczyk_2018\Logical\Libraries\MpBase\MpBase.var"
    LogicalPath="Libraries.MpBase.MpBase.var"
    Type="File"
    LastWriteTime="131839002146830718"
    Private="false" />
  <Object
    Path="C:\projects\Inzynierka_Kucharczyk_2018\Logical\Libraries\MpBase\MpBase.fun"
    LogicalPath="Libraries.MpBase.MpBase.fun"
    Type="File"
    LastWriteTime="131839002146870660"
    Private="false" />
  <Object
    Path="C:\projects\Inzynierka_Kucharczyk_2018\Logical\Libraries\MpBase\Common_EventLog.tmx"
    LogicalPath="Libraries.MpBase.Common_EventLog.tmx"
    Type="File"
    LastWriteTime="131839002146950627"
    Private="false" />
  <Object
    Path="C:\projects\Inzynierka_Kucharczyk_2018\Logical\Libraries\NcGlobal\Binary.lby"
    LogicalPath="Libraries.NcGlobal"
    Type="Library"
    LastWriteTime="131839002151533140" />
  <Object
    Path="C:\projects\Inzynierka_Kucharczyk_2018\Logical\Libraries\NcGlobal\NcGlobal.fun"
    LogicalPath="Libraries.NcGlobal.NcGlobal.fun"
    Type="File"
    LastWriteTime="131839002151373223"
    Private="false" />
  <Object
    Path="C:\projects\Inzynierka_Kucharczyk_2018\Logical\Libraries\NcGlobal\NcGlobal.typ"
    LogicalPath="Libraries.NcGlobal.NcGlobal.typ"
    Type="File"
    LastWriteTime="131839002151403217"
    Private="false" />
  <Object
    Path="C:\projects\Inzynierka_Kucharczyk_2018\Logical\Libraries\NcGlobal\NcGlobal.var"
    LogicalPath="Libraries.NcGlobal.NcGlobal.var"
    Type="File"
    LastWriteTime="131839002151463174"
    Private="false" />
  <Object
    Path="C:\projects\Inzynierka_Kucharczyk_2018\Logical\Libraries\Acp10_MC\Binary.lby"
    LogicalPath="Libraries.Acp10_MC"
    Type="Library"
    LastWriteTime="131839002152990534" />
  <Object
    Path="C:\projects\Inzynierka_Kucharczyk_2018\Logical\Libraries\Acp10_MC\acp10_mc.fun"
    LogicalPath="Libraries.Acp10_MC.acp10_mc.fun"
    Type="File"
    LastWriteTime="131839002152446496"
    Private="false" />
  <Object
    Path="C:\projects\Inzynierka_Kucharczyk_2018\Logical\Libraries\Acp10_MC\acp10_mc.typ"
    LogicalPath="Libraries.Acp10_MC.acp10_mc.typ"
    Type="File"
    LastWriteTime="131839002152520776"
    Private="false" />
  <Object
    Path="C:\projects\Inzynierka_Kucharczyk_2018\Logical\Libraries\Acp10_MC\acp10_mc.var"
    LogicalPath="Libraries.Acp10_MC.acp10_mc.var"
    Type="File"
    LastWriteTime="131839002152660712"
    Private="false" />
  <Object
    Path="C:\projects\Inzynierka_Kucharczyk_2018\Logical\Libraries\brsystem\Binary.lby"
    LogicalPath="Libraries.brsystem"
    Type="Library"
    LastWriteTime="131839002154718001" />
  <Object
    Path="C:\projects\Inzynierka_Kucharczyk_2018\Logical\Libraries\brsystem\brsystem.fun"
    LogicalPath="Libraries.brsystem.brsystem.fun"
    Type="File"
    LastWriteTime="131839002154374170"
    Private="false" />
  <Object
    Path="C:\projects\Inzynierka_Kucharczyk_2018\Logical\Libraries\brsystem\brsystem.typ"
    LogicalPath="Libraries.brsystem.brsystem.typ"
    Type="File"
    LastWriteTime="131839002154414158"
    Private="false" />
  <Object
    Path="C:\projects\Inzynierka_Kucharczyk_2018\Logical\Libraries\brsystem\brsystem.var"
    LogicalPath="Libraries.brsystem.brsystem.var"
    Type="File"
    LastWriteTime="131839002154638202"
    Private="false" />
  <Object
    Path="C:\projects\Inzynierka_Kucharczyk_2018\Logical\Libraries\Acp10man\Binary.lby"
    LogicalPath="Libraries.Acp10man"
    Type="Library"
    LastWriteTime="131839002156167521" />
  <Object
    Path="C:\projects\Inzynierka_Kucharczyk_2018\Logical\Libraries\Acp10man\Acp10man.typ"
    LogicalPath="Libraries.Acp10man.Acp10man.typ"
    Type="File"
    LastWriteTime="131839002156097580"
    Private="false" />
  <Object
    Path="C:\projects\Inzynierka_Kucharczyk_2018\Logical\Libraries\sys_lib\Binary.lby"
    LogicalPath="Libraries.sys_lib"
    Type="Library"
    LastWriteTime="131839002158668498" />
  <Object
    Path="C:\projects\Inzynierka_Kucharczyk_2018\Logical\Libraries\sys_lib\sys_lib.fun"
    LogicalPath="Libraries.sys_lib.sys_lib.fun"
    Type="File"
    LastWriteTime="131839002158272672"
    Private="false" />
  <Object
    Path="C:\projects\Inzynierka_Kucharczyk_2018\Logical\Libraries\sys_lib\sys_lib.typ"
    LogicalPath="Libraries.sys_lib.sys_lib.typ"
    Type="File"
    LastWriteTime="131839002158452554"
    Private="false" />
  <Object
    Path="C:\projects\Inzynierka_Kucharczyk_2018\Logical\Libraries\sys_lib\sys_lib.var"
    LogicalPath="Libraries.sys_lib.sys_lib.var"
    Type="File"
    LastWriteTime="131839002158598565"
    Private="false" />
  <Object
    Path="C:\projects\Inzynierka_Kucharczyk_2018\Logical\Libraries\Acp10par\Binary.lby"
    LogicalPath="Libraries.Acp10par"
    Type="Library"
    LastWriteTime="131839002160095586" />
  <Object
    Path="C:\projects\Inzynierka_Kucharczyk_2018\Logical\Libraries\Acp10par\Acp10par.var"
    LogicalPath="Libraries.Acp10par.Acp10par.var"
    Type="File"
    LastWriteTime="131839002160025596"
    Private="false" />
  <Object
    Path="C:\projects\Inzynierka_Kucharczyk_2018\Logical\Libraries\Acp10sim\Binary.lby"
    LogicalPath="Libraries.Acp10sim"
    Type="Library"
    LastWriteTime="131840956156036118" />
  <Object
    Path="C:\projects\Inzynierka_Kucharczyk_2018\Logical\Libraries\Acp10sim\acp10sim.var"
    LogicalPath="Libraries.Acp10sim.acp10sim.var"
    Type="File"
    LastWriteTime="131840956155936038"
    Private="false" />
  <Object
    Path="C:\projects\Inzynierka_Kucharczyk_2018\Logical\Libraries\Acp10sim\acp10sim.typ"
    LogicalPath="Libraries.Acp10sim.acp10sim.typ"
    Type="File"
    LastWriteTime="131840956155966021"
    Private="false" />
  <Object
    Path="C:\projects\Inzynierka_Kucharczyk_2018\Logical\Libraries\ArEventLog\Binary.lby"
    LogicalPath="Libraries.ArEventLog"
    Type="Library"
    LastWriteTime="131860042639001114" />
  <Object
    Path="C:\projects\Inzynierka_Kucharczyk_2018\Logical\Libraries\ArEventLog\ArEventLog.fun"
    LogicalPath="Libraries.ArEventLog.ArEventLog.fun"
    Type="File"
    LastWriteTime="131860042638711287"
    Private="false" />
  <Object
    Path="C:\projects\Inzynierka_Kucharczyk_2018\Logical\Libraries\ArEventLog\ArEventLog.typ"
    LogicalPath="Libraries.ArEventLog.ArEventLog.typ"
    Type="File"
    LastWriteTime="131860042638771063"
    Private="false" />
  <Object
    Path="C:\projects\Inzynierka_Kucharczyk_2018\Logical\Libraries\ArEventLog\ArEventLog.var"
    LogicalPath="Libraries.ArEventLog.ArEventLog.var"
    Type="File"
    LastWriteTime="131860042638851029"
    Private="false" />
  <Object
    Path="C:\projects\Inzynierka_Kucharczyk_2018\Logical\Libraries\asstring\Binary.lby"
    LogicalPath="Libraries.asstring"
    Type="Library"
    LastWriteTime="131867687998549714" />
  <Object
    Path="C:\projects\Inzynierka_Kucharczyk_2018\Logical\Libraries\asstring\asstring.fun"
    LogicalPath="Libraries.asstring.asstring.fun"
    Type="File"
    LastWriteTime="131867687997310430"
    Private="false" />
  <Object
    Path="C:\projects\Inzynierka_Kucharczyk_2018\Logical\Libraries\asstring\asstring.typ"
    LogicalPath="Libraries.asstring.asstring.typ"
    Type="File"
    LastWriteTime="131867687997800138"
    Private="false" />
  <Object
    Path="C:\projects\Inzynierka_Kucharczyk_2018\Logical\Libraries\asstring\asstring.var"
    LogicalPath="Libraries.asstring.asstring.var"
    Type="File"
    LastWriteTime="131867687998439778"
    Private="false" />
  <Object
    Path="C:\projects\Inzynierka_Kucharczyk_2018\Logical\Libraries\FileIO\Binary.lby"
    LogicalPath="Libraries.FileIO"
    Type="Library"
    LastWriteTime="131881452647154746" />
  <Object
    Path="C:\projects\Inzynierka_Kucharczyk_2018\Logical\Libraries\FileIO\FileIO.fun"
    LogicalPath="Libraries.FileIO.FileIO.fun"
    Type="File"
    LastWriteTime="131881452646479298"
    Private="false" />
  <Object
    Path="C:\projects\Inzynierka_Kucharczyk_2018\Logical\Libraries\FileIO\FileIO.typ"
    LogicalPath="Libraries.FileIO.FileIO.typ"
    Type="File"
    LastWriteTime="131881452646733529"
    Private="false" />
  <Object
    Path="C:\projects\Inzynierka_Kucharczyk_2018\Logical\Libraries\FileIO\FileIO.var"
    LogicalPath="Libraries.FileIO.FileIO.var"
    Type="File"
    LastWriteTime="131881452647014807"
    Private="false" />
  <Object
    Path="C:\projects\Inzynierka_Kucharczyk_2018\Logical\Libraries\ArProject\Binary.lby"
    LogicalPath="Libraries.ArProject"
    Type="Library"
    LastWriteTime="131883224037959339" />
  <Object
    Path="C:\projects\Inzynierka_Kucharczyk_2018\Logical\Libraries\ArProject\ArProject.fun"
    LogicalPath="Libraries.ArProject.ArProject.fun"
    Type="File"
    LastWriteTime="131883224037099695"
    Private="false" />
  <Object
    Path="C:\projects\Inzynierka_Kucharczyk_2018\Logical\Libraries\ArProject\ArProject.typ"
    LogicalPath="Libraries.ArProject.ArProject.typ"
    Type="File"
    LastWriteTime="131883224037179612"
    Private="false" />
  <Object
    Path="C:\projects\Inzynierka_Kucharczyk_2018\Logical\Libraries\ArProject\ArProject.var"
    LogicalPath="Libraries.ArProject.ArProject.var"
    Type="File"
    LastWriteTime="131883224037889201"
    Private="false" />
  <Object
    Path="C:\projects\Inzynierka_Kucharczyk_2018\Logical\Source\Package.pkg"
    LogicalPath="Source"
    Type="Package"
    LastWriteTime="131843336003854675" />
  <Object
    Path="C:\projects\Inzynierka_Kucharczyk_2018\Logical\Source\Code\Package.pkg"
    LogicalPath="Source.Code"
    Type="Package"
    LastWriteTime="131879853098258074" />
  <Object
    Path="C:\projects\Inzynierka_Kucharczyk_2018\Logical\Source\Code\AxisControl\Package.pkg"
    LogicalPath="Source.Code.AxisControl"
    Type="Package"
    LastWriteTime="131881640968831122" />
  <Object
    Path="C:\projects\Inzynierka_Kucharczyk_2018\Logical\Source\Code\AxisControl\AxisCtrl\IEC.prg"
    LogicalPath="Source.Code.AxisControl.AxisCtrl"
    Type="Program"
    LastWriteTime="131881640969420791" />
  <Object
    Path="C:\projects\Inzynierka_Kucharczyk_2018\Logical\Source\Code\AxisControl\AxisCtrl\Main.st"
    LogicalPath="Source.Code.AxisControl.AxisCtrl.Main.st"
    Type="File"
    LastWriteTime="131883213633305118"
    Private="false" />
  <Object
    Path="C:\projects\Inzynierka_Kucharczyk_2018\Logical\Source\Code\AxisControl\AxisCtrl\Actions\Package.pkg"
    LogicalPath="Source.Code.AxisControl.AxisCtrl.Actions"
    Type="Package"
    LastWriteTime="131883213900674380" />
  <Object
    Path="C:\projects\Inzynierka_Kucharczyk_2018\Logical\Source\Code\AxisControl\AxisCtrl\Actions\Initalization.st"
    LogicalPath="Source.Code.AxisControl.AxisCtrl.Actions.Initalization.st"
    Type="File"
    LastWriteTime="131868584178831292"
    Private="false" />
  <Object
    Path="C:\projects\Inzynierka_Kucharczyk_2018\Logical\Source\Code\AxisControl\AxisCtrl\Actions\InputCmds.st"
    LogicalPath="Source.Code.AxisControl.AxisCtrl.Actions.InputCmds.st"
    Type="File"
    LastWriteTime="131867725006163111"
    Private="false" />
  <Object
    Path="C:\projects\Inzynierka_Kucharczyk_2018\Logical\Source\Code\AxisControl\AxisCtrl\Actions\Axis1.st"
    LogicalPath="Source.Code.AxisControl.AxisCtrl.Actions.Axis1.st"
    Type="File"
    LastWriteTime="131888303993106410"
    Private="false" />
  <Object
    Path="C:\projects\Inzynierka_Kucharczyk_2018\Logical\Source\Code\AxisControl\AxisCtrl\Actions\OutputCmds.st"
    LogicalPath="Source.Code.AxisControl.AxisCtrl.Actions.OutputCmds.st"
    Type="File"
    LastWriteTime="131890924517062630"
    Private="false" />
  <Object
    Path="C:\projects\Inzynierka_Kucharczyk_2018\Logical\Source\Code\AxisControl\AxisCtrl\Actions\Exit.st"
    LogicalPath="Source.Code.AxisControl.AxisCtrl.Actions.Exit.st"
    Type="File"
    LastWriteTime="131838986161056078"
    Private="false" />
  <Object
    Path="C:\projects\Inzynierka_Kucharczyk_2018\Logical\Source\Code\AxisControl\AxisCtrl\Actions\ErrorHandling.st"
    LogicalPath="Source.Code.AxisControl.AxisCtrl.Actions.ErrorHandling.st"
    Type="File"
    LastWriteTime="131883240522202254"
    Private="false" />
  <Object
    Path="C:\projects\Inzynierka_Kucharczyk_2018\Logical\Source\Code\AxisControl\AxisCtrl\Types.typ"
    LogicalPath="Source.Code.AxisControl.AxisCtrl.Types.typ"
    Type="File"
    LastWriteTime="131890923589027550"
    Private="true" />
  <Object
    Path="C:\projects\Inzynierka_Kucharczyk_2018\Logical\Source\Code\AxisControl\AxisCtrl\Variables.var"
    LogicalPath="Source.Code.AxisControl.AxisCtrl.Variables.var"
    Type="File"
    LastWriteTime="131881640969310842"
    Private="true" />
  <Object
    Path="C:\projects\Inzynierka_Kucharczyk_2018\Logical\Source\Code\Logger\Package.pkg"
    LogicalPath="Source.Code.Logger"
    Type="Package"
    LastWriteTime="131843347405594413" />
  <Object
    Path="C:\projects\Inzynierka_Kucharczyk_2018\Logical\Source\Code\Logger\LoggerTask\IEC.prg"
    LogicalPath="Source.Code.Logger.LoggerTask"
    Type="Program"
    LastWriteTime="131838983108604576" />
  <Object
    Path="C:\projects\Inzynierka_Kucharczyk_2018\Logical\Source\Code\Logger\LoggerTask\Main.st"
    LogicalPath="Source.Code.Logger.LoggerTask.Main.st"
    Type="File"
    LastWriteTime="131876355804482868"
    Private="false" />
  <Object
    Path="C:\projects\Inzynierka_Kucharczyk_2018\Logical\Source\Code\Logger\LoggerTask\Types.typ"
    LogicalPath="Source.Code.Logger.LoggerTask.Types.typ"
    Type="File"
    LastWriteTime="131876396948215202"
    Private="true" />
  <Object
    Path="C:\projects\Inzynierka_Kucharczyk_2018\Logical\Source\Code\Logger\LoggerTask\Variables.var"
    LogicalPath="Source.Code.Logger.LoggerTask.Variables.var"
    Type="File"
    LastWriteTime="131860094283531761"
    Private="true" />
  <Object
    Path="C:\projects\Inzynierka_Kucharczyk_2018\Logical\Source\Code\Memory\Package.pkg"
    LogicalPath="Source.Code.Memory"
    Type="Package"
    LastWriteTime="131866997740451088" />
  <Object
    Path="C:\projects\Inzynierka_Kucharczyk_2018\Logical\Source\Code\Memory\MemTask\IEC.prg"
    LogicalPath="Source.Code.Memory.MemTask"
    Type="Program"
    LastWriteTime="131866997588434507" />
  <Object
    Path="C:\projects\Inzynierka_Kucharczyk_2018\Logical\Source\Code\Memory\MemTask\Main.st"
    LogicalPath="Source.Code.Memory.MemTask.Main.st"
    Type="File"
    LastWriteTime="131867715354188430"
    Private="false" />
  <Object
    Path="C:\projects\Inzynierka_Kucharczyk_2018\Logical\Source\Code\Memory\MemTask\Types.typ"
    LogicalPath="Source.Code.Memory.MemTask.Types.typ"
    Type="File"
    LastWriteTime="131867713445643322"
    Private="true" />
  <Object
    Path="C:\projects\Inzynierka_Kucharczyk_2018\Logical\Source\Code\Memory\MemTask\Variables.var"
    LogicalPath="Source.Code.Memory.MemTask.Variables.var"
    Type="File"
    LastWriteTime="131867004639624567"
    Private="true" />
  <Object
    Path="C:\projects\Inzynierka_Kucharczyk_2018\Logical\Source\Code\Controller\Package.pkg"
    LogicalPath="Source.Code.Controller"
    Type="Package"
    LastWriteTime="131876423570984726" />
  <Object
    Path="C:\projects\Inzynierka_Kucharczyk_2018\Logical\Source\Code\Controller\ControllerTask\IEC.prg"
    LogicalPath="Source.Code.Controller.ControllerTask"
    Type="Program"
    LastWriteTime="131876423348015529" />
  <Object
    Path="C:\projects\Inzynierka_Kucharczyk_2018\Logical\Source\Code\Controller\ControllerTask\Main.st"
    LogicalPath="Source.Code.Controller.ControllerTask.Main.st"
    Type="File"
    LastWriteTime="131883244292045298"
    Private="false" />
  <Object
    Path="C:\projects\Inzynierka_Kucharczyk_2018\Logical\Source\Code\Controller\ControllerTask\Types.typ"
    LogicalPath="Source.Code.Controller.ControllerTask.Types.typ"
    Type="File"
    LastWriteTime="131883238477130146"
    Private="true" />
  <Object
    Path="C:\projects\Inzynierka_Kucharczyk_2018\Logical\Source\Code\Controller\ControllerTask\Variables.var"
    LogicalPath="Source.Code.Controller.ControllerTask.Variables.var"
    Type="File"
    LastWriteTime="131876427070847394"
    Private="true" />
  <Object
    Path="C:\projects\Inzynierka_Kucharczyk_2018\Logical\Source\Code\Chart\Package.pkg"
    LogicalPath="Source.Code.Chart"
    Type="Package"
    LastWriteTime="131879853383144234" />
  <Object
    Path="C:\projects\Inzynierka_Kucharczyk_2018\Logical\Source\Code\Chart\ChartTask\IEC.prg"
    LogicalPath="Source.Code.Chart.ChartTask"
    Type="Program"
    LastWriteTime="131879853274834717" />
  <Object
    Path="C:\projects\Inzynierka_Kucharczyk_2018\Logical\Source\Code\Chart\ChartTask\Main.st"
    LogicalPath="Source.Code.Chart.ChartTask.Main.st"
    Type="File"
    LastWriteTime="131881642958295116"
    Private="false" />
  <Object
    Path="C:\projects\Inzynierka_Kucharczyk_2018\Logical\Source\Code\Chart\ChartTask\Types.typ"
    LogicalPath="Source.Code.Chart.ChartTask.Types.typ"
    Type="File"
    LastWriteTime="131881481736984246"
    Private="true" />
  <Object
    Path="C:\projects\Inzynierka_Kucharczyk_2018\Logical\Source\Code\Chart\ChartTask\Variables.var"
    LogicalPath="Source.Code.Chart.ChartTask.Variables.var"
    Type="File"
    LastWriteTime="131879857102241548"
    Private="true" />
  <Object
    Path="C:\projects\Inzynierka_Kucharczyk_2018\Logical\acp10etxen\Ett.dob"
    LogicalPath="acp10etxen"
    Type="DataObject"
    LastWriteTime="131840204008652615" />
  <Object
    Path="C:\projects\Inzynierka_Kucharczyk_2018\Logical\acp10etxen\acp10etxen.ett"
    LogicalPath="acp10etxen.acp10etxen.ett"
    Type="File"
    LastWriteTime="131840204010306355"
    Private="false" />
  <Object
    Path="C:\projects\Inzynierka_Kucharczyk_2018\Logical\gAxis01obj\Package.pkg"
    LogicalPath="gAxis01obj"
    Type="Package"
    LastWriteTime="131840204039017991" />
  <Object
    Path="C:\projects\Inzynierka_Kucharczyk_2018\Logical\gAxis01obj\gAxis01a\Apt.dob"
    LogicalPath="gAxis01obj.gAxis01a"
    Type="DataObject"
    LastWriteTime="131840204030106455" />
  <Object
    Path="C:\projects\Inzynierka_Kucharczyk_2018\Logical\gAxis01obj\gAxis01a\gAxis01a.apt"
    LogicalPath="gAxis01obj.gAxis01a.gAxis01a.apt"
    Type="File"
    LastWriteTime="131881641426357598"
    Private="false" />
  <Object
    Path="C:\projects\Inzynierka_Kucharczyk_2018\Logical\gAxis01obj\gAxis01i\Ax.dob"
    LogicalPath="gAxis01obj.gAxis01i"
    Type="DataObject"
    LastWriteTime="131840204035050201" />
  <Object
    Path="C:\projects\Inzynierka_Kucharczyk_2018\Logical\gAxis01obj\gAxis01i\gAxis01i.ax"
    LogicalPath="gAxis01obj.gAxis01i.gAxis01i.ax"
    Type="File"
    LastWriteTime="131840204038808119"
    Private="false" />
  <Object
    Path="C:\projects\Inzynierka_Kucharczyk_2018\Physical\Config1\Config.pkg"
    LogicalPath="Config1"
    Type="Configuration"
    LastWriteTime="131834724651991954" />
  <Object
    Path="C:\projects\Inzynierka_Kucharczyk_2018\Physical\Config1\Hardware.hw"
    LogicalPath="Config1.Hardware.hw"
    Type="File"
    LastWriteTime="131888333733169848"
    Private="false" />
  <Object
    Path="C:\projects\Inzynierka_Kucharczyk_2018\Physical\Config1\Hardware.hwl"
    LogicalPath="Config1.Hardware.hwl"
    Type="File"
    LastWriteTime="131840204375034674"
    Private="false" />
  <Object
    Path="C:\projects\Inzynierka_Kucharczyk_2018\Physical\Config1\4PP065_0571_P74F\Cpu.pkg"
    LogicalPath="Config1.4PP065_0571_P74F"
    Type="Cpu"
    LastWriteTime="131876287563459482" />
  <Object
    Path="C:\projects\Inzynierka_Kucharczyk_2018\Physical\Config1\4PP065_0571_P74F\Cpu.sw"
    LogicalPath="Config1.4PP065_0571_P74F.Cpu.sw"
    Type="File"
    LastWriteTime="131884222302886353"
    Private="false" />
  <Object
    Path="C:\projects\Inzynierka_Kucharczyk_2018\Physical\Config1\4PP065_0571_P74F\Cpu.per"
    LogicalPath="Config1.4PP065_0571_P74F.Cpu.per"
    Type="File"
    LastWriteTime="131834724568444777"
    Private="false" />
  <Object
    Path="C:\projects\Inzynierka_Kucharczyk_2018\Physical\Config1\4PP065_0571_P74F\IoMap.iom"
    LogicalPath="Config1.4PP065_0571_P74F.IoMap.iom"
    Type="File"
    LastWriteTime="131834724568538472"
    Private="false" />
  <Object
    Path="C:\projects\Inzynierka_Kucharczyk_2018\Physical\Config1\4PP065_0571_P74F\PvMap.vvm"
    LogicalPath="Config1.4PP065_0571_P74F.PvMap.vvm"
    Type="File"
    LastWriteTime="131834724568835679"
    Private="false" />
  <Object
    Path="C:\projects\Inzynierka_Kucharczyk_2018\Physical\Config1\4PP065_0571_P74F\Connectivity\Package.pkg"
    LogicalPath="Config1.4PP065_0571_P74F.Connectivity"
    Type="Package"
    LastWriteTime="131834724570949157" />
  <Object
    Path="C:\projects\Inzynierka_Kucharczyk_2018\Physical\Config1\4PP065_0571_P74F\Connectivity\OpcUA\Package.pkg"
    LogicalPath="Config1.4PP065_0571_P74F.Connectivity.OpcUA"
    Type="Package"
    LastWriteTime="131834856421176341" />
  <Object
    Path="C:\projects\Inzynierka_Kucharczyk_2018\Physical\Config1\4PP065_0571_P74F\Connectivity\OpcUA\OpcUaMap.uad"
    LogicalPath="Config1.4PP065_0571_P74F.Connectivity.OpcUA.OpcUaMap.uad"
    Type="File"
    LastWriteTime="131883162165844223"
    Private="false" />
  <Object
    Path="C:\projects\Inzynierka_Kucharczyk_2018\Physical\Config1\4PP065_0571_P74F\TextSystem\Package.pkg"
    LogicalPath="Config1.4PP065_0571_P74F.TextSystem"
    Type="Package"
    LastWriteTime="131834724571119053" />
  <Object
    Path="C:\projects\Inzynierka_Kucharczyk_2018\Physical\Config1\4PP065_0571_P74F\UnitSystem\Package.pkg"
    LogicalPath="Config1.4PP065_0571_P74F.UnitSystem"
    Type="Package"
    LastWriteTime="131834724572211715" />
  <Object
    Path="C:\projects\Inzynierka_Kucharczyk_2018\Physical\Config1\4PP065_0571_P74F\AccessAndSecurity\Package.pkg"
    LogicalPath="Config1.4PP065_0571_P74F.AccessAndSecurity"
    Type="Package"
    LastWriteTime="131834724573711072" />
  <Object
    Path="C:\projects\Inzynierka_Kucharczyk_2018\Physical\Config1\4PP065_0571_P74F\AccessAndSecurity\UserRoleSystem\Package.pkg"
    LogicalPath="Config1.4PP065_0571_P74F.AccessAndSecurity.UserRoleSystem"
    Type="Package"
    LastWriteTime="131834724572680879" />
  <Object
    Path="C:\projects\Inzynierka_Kucharczyk_2018\Physical\Config1\4PP065_0571_P74F\AccessAndSecurity\UserRoleSystem\Role.role"
    LogicalPath="Config1.4PP065_0571_P74F.AccessAndSecurity.UserRoleSystem.Role.role"
    Type="File"
    LastWriteTime="131840965183592203"
    Private="false" />
  <Object
    Path="C:\projects\Inzynierka_Kucharczyk_2018\Physical\Config1\4PP065_0571_P74F\AccessAndSecurity\UserRoleSystem\User.user"
    LogicalPath="Config1.4PP065_0571_P74F.AccessAndSecurity.UserRoleSystem.User.user"
    Type="File"
    LastWriteTime="131840966522349624"
    Private="false" />
  <Object
    Path="C:\projects\Inzynierka_Kucharczyk_2018\Physical\Config1\4PP065_0571_P74F\AccessAndSecurity\CertificateStore\Package.pkg"
    LogicalPath="Config1.4PP065_0571_P74F.AccessAndSecurity.CertificateStore"
    Type="Package"
    LastWriteTime="131834724573531179" />
  <Object
    Path="C:\projects\Inzynierka_Kucharczyk_2018\Physical\Config1\4PP065_0571_P74F\AccessAndSecurity\CertificateStore\OwnCertificates\Package.pkg"
    LogicalPath="Config1.4PP065_0571_P74F.AccessAndSecurity.CertificateStore.OwnCertificates"
    Type="Package"
    LastWriteTime="131834724573020689" />
  <Object
    Path="C:\projects\Inzynierka_Kucharczyk_2018\Physical\Config1\4PP065_0571_P74F\AccessAndSecurity\CertificateStore\OwnCertificates\Certificates\Package.pkg"
    LogicalPath="Config1.4PP065_0571_P74F.AccessAndSecurity.CertificateStore.OwnCertificates.Certificates"
    Type="Package"
    LastWriteTime="131834724572850813" />
  <Object
    Path="C:\projects\Inzynierka_Kucharczyk_2018\Physical\Config1\4PP065_0571_P74F\AccessAndSecurity\CertificateStore\OwnCertificates\PrivateKeys\Package.pkg"
    LogicalPath="Config1.4PP065_0571_P74F.AccessAndSecurity.CertificateStore.OwnCertificates.PrivateKeys"
    Type="Package"
    LastWriteTime="131834724572950752" />
  <Object
    Path="C:\projects\Inzynierka_Kucharczyk_2018\Physical\Config1\4PP065_0571_P74F\AccessAndSecurity\CertificateStore\ThirdPartyCertificates\Package.pkg"
    LogicalPath="Config1.4PP065_0571_P74F.AccessAndSecurity.CertificateStore.ThirdPartyCertificates"
    Type="Package"
    LastWriteTime="131834724573261511" />
  <Object
    Path="C:\projects\Inzynierka_Kucharczyk_2018\Physical\Config1\4PP065_0571_P74F\AccessAndSecurity\CertificateStore\ThirdPartyCertificates\SoftwareCertificates\Package.pkg"
    LogicalPath="Config1.4PP065_0571_P74F.AccessAndSecurity.CertificateStore.ThirdPartyCertificates.SoftwareCertificates"
    Type="Package"
    LastWriteTime="131834724573191554" />
  <Object
    Path="C:\projects\Inzynierka_Kucharczyk_2018\Physical\Config1\4PP065_0571_P74F\AccessAndSecurity\CertificateStore\CertificateRevocationLists\Package.pkg"
    LogicalPath="Config1.4PP065_0571_P74F.AccessAndSecurity.CertificateStore.CertificateRevocationLists"
    Type="Package"
    LastWriteTime="131834724573361295" />
  <Object
    Path="C:\projects\Inzynierka_Kucharczyk_2018\Physical\Config1\4PP065_0571_P74F\AccessAndSecurity\CertificateStore\CertificateSigningRequests\Package.pkg"
    LogicalPath="Config1.4PP065_0571_P74F.AccessAndSecurity.CertificateStore.CertificateSigningRequests"
    Type="Package"
    LastWriteTime="131834724573461218" />
  <Object
    Path="C:\projects\Inzynierka_Kucharczyk_2018\Physical\Config1\4PP065_0571_P74F\AccessAndSecurity\TransportLayerSecurity\Package.pkg"
    LogicalPath="Config1.4PP065_0571_P74F.AccessAndSecurity.TransportLayerSecurity"
    Type="Package"
    LastWriteTime="131834724573631307" />
  <Object
    Path="C:\projects\Inzynierka_Kucharczyk_2018\Physical\Config1\4PP065_0571_P74F\mapp\Package.pkg"
    LogicalPath="Config1.4PP065_0571_P74F.mapp"
    Type="Package"
    LastWriteTime="131839002073596205" />
  <Object
    Path="C:\projects\Inzynierka_Kucharczyk_2018\Physical\Config1\4PP065_0571_P74F\mapp\Config.mpaxisbasic"
    LogicalPath="Config1.4PP065_0571_P74F.mapp.Config.mpaxisbasic"
    Type="File"
    LastWriteTime="131840205134875919"
    Private="false" />
  <Object
    Path="C:\projects\Inzynierka_Kucharczyk_2018\Physical\Config1\4PP065_0571_P74F\VC\Package.pkg"
    LogicalPath="Config1.4PP065_0571_P74F.VC"
    Type="Package"
    LastWriteTime="131834724632338689" />
  <Object
    Path="C:\projects\Inzynierka_Kucharczyk_2018\Physical\Config1\4PP065_0571_P74F\VC\4PP065_0571_P74F.dis"
    LogicalPath="Config1.4PP065_0571_P74F.VC.4PP065_0571_P74F.dis"
    Type="File"
    LastWriteTime="131834724633608546"
    Private="false" />
  <Object
    Path="C:\projects\Inzynierka_Kucharczyk_2018\Physical\Config1\4PP065_0571_P74F\Motion\Package.pkg"
    LogicalPath="Config1.4PP065_0571_P74F.Motion"
    Type="Package"
    LastWriteTime="131839002226875825" />
  <Object
    Path="C:\projects\Inzynierka_Kucharczyk_2018\Physical\Config1\4PP065_0571_P74F\Motion\Acp10cfg.ncc"
    LogicalPath="Config1.4PP065_0571_P74F.Motion.Acp10cfg.ncc"
    Type="File"
    LastWriteTime="131840204007083666"
    Private="false" />
  <Object
    Path="C:\projects\Inzynierka_Kucharczyk_2018\Physical\Config1\4PP065_0571_P74F\Motion\Acp10map.ncm"
    LogicalPath="Config1.4PP065_0571_P74F.Motion.Acp10map.ncm"
    Type="File"
    LastWriteTime="131840956593744192"
    Private="false" />
  <Object
    Path="C:\projects\Inzynierka_Kucharczyk_2018\Physical\Config1\4PP065_0571_P74F\Motion\Acp10sys.br"
    LogicalPath="Config1.4PP065_0571_P74F.Motion.Acp10sys.br"
    Type="File"
    LastWriteTime="131839002228025259"
    Private="false" />
  <Object
    Path="C:\projects\Inzynierka_Kucharczyk_2018\Physical\Config1\Hardware.jpg"
    LogicalPath="Config1.Hardware.jpg"
    Type="File"
    LastWriteTime="131840204458278753"
    Private="false" />
  <Object
    Path="C:\projects\Inzynierka_Kucharczyk_2018\Logical\Libraries\Acp10_MC\SG4\Acp10_MC.h"
    LogicalPath="Acp10_MC.h"
    Type="File"
    LastWriteTime="131459552480000000"
    Private="false" />
  <Object
    Path="C:\projects\Inzynierka_Kucharczyk_2018\Logical\Libraries\Acp10man\SG4\Acp10man.h"
    LogicalPath="Acp10man.h"
    Type="File"
    LastWriteTime="131459734940000000"
    Private="false" />
  <Object
    Path="C:\projects\Inzynierka_Kucharczyk_2018\Logical\Libraries\Acp10par\SG4\Acp10par.h"
    LogicalPath="Acp10par.h"
    Type="File"
    LastWriteTime="131459736100000000"
    Private="false" />
  <Object
    Path="C:\projects\Inzynierka_Kucharczyk_2018\Logical\Libraries\Acp10sim\SG4\Acp10sim.h"
    LogicalPath="Acp10sim.h"
    Type="File"
    LastWriteTime="131459723500000000"
    Private="false" />
  <Object
    Path="C:\projects\Inzynierka_Kucharczyk_2018\Logical\Libraries\ArEventLog\SG4\ArEventLog.h"
    LogicalPath="ArEventLog.h"
    Type="File"
    LastWriteTime="131717458960000000"
    Private="false" />
  <Object
    Path="C:\projects\Inzynierka_Kucharczyk_2018\Logical\Libraries\ArProject\SG4\ArProject.h"
    LogicalPath="ArProject.h"
    Type="File"
    LastWriteTime="131717458960000000"
    Private="false" />
  <Object
    Path="C:\projects\Inzynierka_Kucharczyk_2018\Logical\Libraries\AsIecCon\SG4\AsIecCon.h"
    LogicalPath="AsIecCon.h"
    Type="File"
    LastWriteTime="131717459000000000"
    Private="false" />
  <Object
    Path="C:\projects\Inzynierka_Kucharczyk_2018\Logical\Libraries\asstring\SG4\asstring.h"
    LogicalPath="asstring.h"
    Type="File"
    LastWriteTime="131717459060000000"
    Private="false" />
  <Object
    Path="C:\projects\Inzynierka_Kucharczyk_2018\Logical\Libraries\astime\SG4\astime.h"
    LogicalPath="astime.h"
    Type="File"
    LastWriteTime="131717459060000000"
    Private="false" />
  <Object
    Path="C:\projects\Inzynierka_Kucharczyk_2018\Logical\Libraries\brsystem\SG4\brsystem.h"
    LogicalPath="brsystem.h"
    Type="File"
    LastWriteTime="131717459080000000"
    Private="false" />
  <Object
    Path="C:\projects\Inzynierka_Kucharczyk_2018\Logical\Libraries\FileIO\SG4\FileIO.h"
    LogicalPath="FileIO.h"
    Type="File"
    LastWriteTime="131717459100000000"
    Private="false" />
  <Object
    Path="C:\projects\Inzynierka_Kucharczyk_2018\Logical\Libraries\MpAxis\SG4\MpAxis.h"
    LogicalPath="MpAxis.h"
    Type="File"
    LastWriteTime="131496251900000000"
    Private="false" />
  <Object
    Path="C:\projects\Inzynierka_Kucharczyk_2018\Logical\Libraries\MpBase\SG4\MpBase.h"
    LogicalPath="MpBase.h"
    Type="File"
    LastWriteTime="131496178580000000"
    Private="false" />
  <Object
    Path="C:\projects\Inzynierka_Kucharczyk_2018\Logical\Libraries\MpCom\SG4\MpCom.h"
    LogicalPath="MpCom.h"
    Type="File"
    LastWriteTime="131496181120000000"
    Private="false" />
  <Object
    Path="C:\projects\Inzynierka_Kucharczyk_2018\Logical\Libraries\NcGlobal\SG4\NcGlobal.h"
    LogicalPath="NcGlobal.h"
    Type="File"
    LastWriteTime="131459734020000000"
    Private="false" />
  <Object
    Path="C:\projects\Inzynierka_Kucharczyk_2018\Logical\Libraries\operator\SG4\operator.h"
    LogicalPath="operator.h"
    Type="File"
    LastWriteTime="131717459100000000"
    Private="false" />
  <Object
    Path="C:\projects\Inzynierka_Kucharczyk_2018\Logical\Libraries\runtime\SG4\runtime.h"
    LogicalPath="runtime.h"
    Type="File"
    LastWriteTime="131717459100000000"
    Private="false" />
  <Object
    Path="C:\projects\Inzynierka_Kucharczyk_2018\Logical\Libraries\sys_lib\SG4\sys_lib.h"
    LogicalPath="sys_lib.h"
    Type="File"
    LastWriteTime="131717459100000000"
    Private="false" />
</Objects>